============================================ 
[週二 2026/07/14  8:00:06.92] Daily crawlers starting 
============================================ 
[週二 2026/07/14  8:00:06.94] Running nstock mid... 
d:\StockPulse\stocks_news\nstock\crawler_mid.py:43: DeprecationWarning: 'asyncio.WindowsSelectorEventLoopPolicy' is deprecated and slated for removal in Python 3.16
  asyncio.set_event_loop_policy(asyncio.WindowsSelectorEventLoopPolicy())
d:\StockPulse\stocks_news\nstock\crawler_mid.py:43: DeprecationWarning: 'asyncio.set_event_loop_policy' is deprecated and slated for removal in Python 3.16
  asyncio.set_event_loop_policy(asyncio.WindowsSelectorEventLoopPolicy())

============================================================
NStock 股市新聞爬蟲 - 中型股
============================================================

[INFO] 讀取股票清單: 487 支股票

[INFO] 已處理: 0 支
[INFO] 待處理: 487 支

[OK] 資料庫連線成功

[1/487] 處理 1295...
  [OK] 1295: 找到 2 筆新聞
[2/487] 處理 5014...
  [OK] 5014: 找到 3 筆新聞
[3/487] 處理 3570...
  [OK] 3570: 找到 2 筆新聞
[4/487] 處理 2433...
  [OK] 2433: 找到 2 筆新聞
[5/487] 處理 2450...
  [OK] 2450: 找到 2 筆新聞
[6/487] 處理 3021...
  [OK] 3021: 找到 2 筆新聞
[7/487] 處理 4173...
  [OK] 4173: 找到 1 筆新聞
[8/487] 處理 1733...
  [OK] 1733: 找到 2 筆新聞
[9/487] 處理 1735...
  [OK] 1735: 找到 3 筆新聞
[10/487] 處理 7757...
  [OK] 7757: 找到 2 筆新聞
[11/487] 處理 9918...
  [OK] 9918: 找到 2 筆新聞
[12/487] 處理 6441...
  [-] 6441: 無符合條件的新聞
[13/487] 處理 6792...
  [OK] 6792: 找到 2 筆新聞
[14/487] 處理 1598...
  [OK] 1598: 找到 1 筆新聞
[15/487] 處理 4728...
  [OK] 4728: 找到 1 筆新聞
[16/487] 處理 3557...
  [OK] 3557: 找到 3 筆新聞
[17/487] 處理 1788...
  [OK] 1788: 找到 2 筆新聞
[18/487] 處理 3313...
  [OK] 3313: 找到 1 筆新聞
[19/487] 處理 6674...
  [OK] 6674: 找到 2 筆新聞
[20/487] 處理 3287...
  [OK] 3287: 找到 2 筆新聞
[21/487] 處理 8442...
  [OK] 8442: 找到 4 筆新聞
[22/487] 處理 3332...
  [OK] 3332: 找到 2 筆新聞
[23/487] 處理 8410...
  [OK] 8410: 找到 2 筆新聞
[24/487] 處理 9103...
  [-] 9103: 無符合條件的新聞
[25/487] 處理 4111...
  [OK] 4111: 找到 2 筆新聞
[26/487] 處理 2816...
  [-] 2816: 無符合條件的新聞
[27/487] 處理 1219...
  [OK] 1219: 找到 1 筆新聞
[28/487] 處理 8463...
  [OK] 8463: 找到 3 筆新聞
[29/487] 處理 2483...
  [-] 2483: 無符合條件的新聞
[30/487] 處理 5353...
  [OK] 5353: 找到 2 筆新聞
[31/487] 處理 3441...
  [OK] 3441: 找到 2 筆新聞
[32/487] 處理 8411...
  [OK] 8411: 找到 3 筆新聞
[33/487] 處理 3522...
  [OK] 3522: 找到 4 筆新聞
[34/487] 處理 7721...
  [OK] 7721: 找到 3 筆新聞
[35/487] 處理 1777...
  [-] 1777: 無符合條件的新聞
[36/487] 處理 8032...
  [OK] 8032: 找到 2 筆新聞
[37/487] 處理 3713...
  [OK] 3713: 找到 3 筆新聞
[38/487] 處理 5321...
  [OK] 5321: 找到 4 筆新聞
[39/487] 處理 9946...
  [OK] 9946: 找到 3 筆新聞
[40/487] 處理 2028...
  [OK] 2028: 找到 2 筆新聞
[41/487] 處理 4131...
  [OK] 4131: 找到 2 筆新聞
[42/487] 處理 1446...
  [OK] 1446: 找到 1 筆新聞
[43/487] 處理 4160...
  [OK] 4160: 找到 2 筆新聞
[44/487] 處理 6141...
  [OK] 6141: 找到 3 筆新聞
[45/487] 處理 6654...
  [-] 6654: 無符合條件的新聞
[46/487] 處理 4163...
  [OK] 4163: 找到 1 筆新聞
[47/487] 處理 5312...
  [OK] 5312: 找到 2 筆新聞
[48/487] 處理 1416...
  [OK] 1416: 找到 2 筆新聞
[49/487] 處理 6160...
  [OK] 6160: 找到 3 筆新聞
[50/487] 處理 3499...
  [OK] 3499: 找到 2 筆新聞
[51/487] 處理 1108...
  [OK] 1108: 找到 3 筆新聞
[52/487] 處理 7547...
  [OK] 7547: 找到 2 筆新聞
[53/487] 處理 4161...
  [-] 4161: 無符合條件的新聞
[54/487] 處理 4420...
  [OK] 4420: 找到 2 筆新聞
[55/487] 處理 4401...
  [OK] 4401: 找到 2 筆新聞
[56/487] 處理 4106...
  [OK] 4106: 找到 2 筆新聞
[57/487] 處理 6791...
  [OK] 6791: 找到 2 筆新聞
[58/487] 處理 3259...
  [OK] 3259: 找到 2 筆新聞
[59/487] 處理 2239...
  [OK] 2239: 找到 2 筆新聞
[60/487] 處理 4133...
  [OK] 4133: 找到 2 筆新聞
[61/487] 處理 3284...
  [OK] 3284: 找到 3 筆新聞
[62/487] 處理 2064...
  [OK] 2064: 找到 2 筆新聞
[63/487] 處理 3388...
  [OK] 3388: 找到 2 筆新聞
[64/487] 處理 2536...
  [OK] 2536: 找到 4 筆新聞
[65/487] 處理 5460...
  [OK] 5460: 找到 2 筆新聞
[66/487] 處理 8277...
  [OK] 8277: 找到 2 筆新聞
[67/487] 處理 8489...
  [OK] 8489: 找到 2 筆新聞
[68/487] 處理 9943...
  [-] 9943: 無符合條件的新聞
[69/487] 處理 4166...
  [OK] 4166: 找到 2 筆新聞
[70/487] 處理 8916...
  [OK] 8916: 找到 1 筆新聞
[71/487] 處理 2756...
  [OK] 2756: 找到 3 筆新聞
[72/487] 處理 5907...
  [OK] 5907: 找到 2 筆新聞
[73/487] 處理 5230...
  [OK] 5230: 找到 5 筆新聞
[74/487] 處理 1451...
  [OK] 1451: 找到 2 筆新聞
[75/487] 處理 1447...
  [OK] 1447: 找到 3 筆新聞
[76/487] 處理 9906...
  [-] 9906: 無符合條件的新聞
[77/487] 處理 1234...
  [OK] 1234: 找到 2 筆新聞
[78/487] 處理 6136...
  [OK] 6136: 找到 2 筆新聞
[79/487] 處理 6281...
  [OK] 6281: 找到 3 筆新聞
[80/487] 處理 9908...
  [OK] 9908: 找到 2 筆新聞
[81/487] 處理 6951...
  [OK] 6951: 找到 3 筆新聞
[82/487] 處理 2509...
  [OK] 2509: 找到 2 筆新聞
[83/487] 處理 1799...
  [OK] 1799: 找到 4 筆新聞
[84/487] 處理 5398...
  [OK] 5398: 找到 2 筆新聞
[85/487] 處理 5531...
  [OK] 5531: 找到 2 筆新聞
[86/487] 處理 6612...
  [OK] 6612: 找到 3 筆新聞
[87/487] 處理 1570...
  [OK] 1570: 找到 3 筆新聞
[88/487] 處理 4707...
  [OK] 4707: 找到 4 筆新聞
[89/487] 處理 1268...
  [-] 1268: 無符合條件的新聞
[90/487] 處理 3310...
  [OK] 3310: 找到 2 筆新聞
[91/487] 處理 6560...
  [-] 6560: 無符合條件的新聞
[92/487] 處理 6703...
  [OK] 6703: 找到 2 筆新聞
[93/487] 處理 1437...
  [OK] 1437: 找到 2 筆新聞
[94/487] 處理 3508...
  [OK] 3508: 找到 2 筆新聞
[95/487] 處理 1103...
  [OK] 1103: 找到 4 筆新聞
[96/487] 處理 4171...
  [OK] 4171: 找到 2 筆新聞
[97/487] 處理 3114...
  [OK] 3114: 找到 3 筆新聞
[98/487] 處理 8403...
  [OK] 8403: 找到 2 筆新聞
[99/487] 處理 6128...
  [OK] 6128: 找到 3 筆新聞
[100/487] 處理 1438...
  [OK] 1438: 找到 2 筆新聞
[101/487] 處理 8908...
  [OK] 8908: 找到 2 筆新聞
[102/487] 處理 6534...
  [OK] 6534: 找到 1 筆新聞
[103/487] 處理 2227...
  [OK] 2227: 找到 5 筆新聞
[104/487] 處理 3188...
  [OK] 3188: 找到 4 筆新聞
[105/487] 處理 5251...
  [OK] 5251: 找到 3 筆新聞
[106/487] 處理 6118...
  [OK] 6118: 找到 2 筆新聞
[107/487] 處理 8416...
  [OK] 8416: 找到 2 筆新聞
[108/487] 處理 4503...
  [OK] 4503: 找到 1 筆新聞
[109/487] 處理 6733...
  [-] 6733: 無符合條件的新聞
[110/487] 處理 6843...
  [OK] 6843: 找到 2 筆新聞
[111/487] 處理 1595...
  [OK] 1595: 找到 2 筆新聞
[112/487] 處理 6794...
  [OK] 6794: 找到 3 筆新聞
[113/487] 處理 3679...
  [OK] 3679: 找到 3 筆新聞
[114/487] 處理 2373...
  [OK] 2373: 找到 2 筆新聞
[115/487] 處理 3130...
  [OK] 3130: 找到 2 筆新聞
[116/487] 處理 1315...
  [OK] 1315: 找到 5 筆新聞
[117/487] 處理 6965...
  [OK] 6965: 找到 2 筆新聞
[118/487] 處理 6124...
  [OK] 6124: 找到 2 筆新聞
[119/487] 處理 6743...
  [OK] 6743: 找到 3 筆新聞
[120/487] 處理 5244...
  [-] 5244: 無符合條件的新聞
[121/487] 處理 1110...
  [OK] 1110: 找到 2 筆新聞
[122/487] 處理 6651...
  [-] 6651: 無符合條件的新聞
[123/487] 處理 4994...
  [-] 4994: 無符合條件的新聞
[124/487] 處理 3276...
  [OK] 3276: 找到 1 筆新聞
[125/487] 處理 4552...
  [OK] 4552: 找到 2 筆新聞
[126/487] 處理 6221...
  [OK] 6221: 找到 5 筆新聞
[127/487] 處理 8935...
  [OK] 8935: 找到 2 筆新聞
[128/487] 處理 6277...
  [OK] 6277: 找到 5 筆新聞
[129/487] 處理 2482...
  [OK] 2482: 找到 2 筆新聞
[130/487] 處理 1264...
  [OK] 1264: 找到 2 筆新聞
[131/487] 處理 6751...
  [-] 6751: 無符合條件的新聞
[132/487] 處理 6184...
  [OK] 6184: 找到 2 筆新聞
[133/487] 處理 4528...
  [OK] 4528: 找到 4 筆新聞
[134/487] 處理 3229...
  [OK] 3229: 找到 2 筆新聞
[135/487] 處理 6752...
  [OK] 6752: 找到 3 筆新聞
[136/487] 處理 1752...
  [OK] 1752: 找到 2 筆新聞
[137/487] 處理 6140...
  [OK] 6140: 找到 2 筆新聞
[138/487] 處理 2243...
  [OK] 2243: 找到 3 筆新聞
[139/487] 處理 1725...
  [OK] 1725: 找到 2 筆新聞
[140/487] 處理 4414...
  [OK] 4414: 找到 2 筆新聞
[141/487] 處理 4942...
  [OK] 4942: 找到 5 筆新聞
[142/487] 處理 2314...
  [OK] 2314: 找到 2 筆新聞
[143/487] 處理 5481...
  [OK] 5481: 找到 4 筆新聞
[144/487] 處理 1614...
  [OK] 1614: 找到 2 筆新聞
[145/487] 處理 3043...
  [OK] 3043: 找到 2 筆新聞
[146/487] 處理 4744...
  [OK] 4744: 找到 2 筆新聞
[147/487] 處理 4946...
  [OK] 4946: 找到 1 筆新聞
[148/487] 處理 6498...
  [OK] 6498: 找到 3 筆新聞
[149/487] 處理 6573...
  [OK] 6573: 找到 4 筆新聞
[150/487] 處理 6728...
  [OK] 6728: 找到 2 筆新聞
[151/487] 處理 7704...
  [OK] 7704: 找到 2 筆新聞
[152/487] 處理 6790...
  [OK] 6790: 找到 2 筆新聞
[153/487] 處理 8433...
  [OK] 8433: 找到 2 筆新聞
[154/487] 處理 3325...
  [OK] 3325: 找到 2 筆新聞
[155/487] 處理 4113...
  [OK] 4113: 找到 1 筆新聞
[156/487] 處理 6859...
  [OK] 6859: 找到 1 筆新聞
[157/487] 處理 6877...
  [OK] 6877: 找到 1 筆新聞
[158/487] 處理 1604...
  [OK] 1604: 找到 2 筆新聞
[159/487] 處理 4716...
  [OK] 4716: 找到 2 筆新聞
[160/487] 處理 2414...
  [OK] 2414: 找到 2 筆新聞
[161/487] 處理 1530...
  [OK] 1530: 找到 5 筆新聞
[162/487] 處理 6649...
  [-] 6649: 無符合條件的新聞
[163/487] 處理 3577...
  [OK] 3577: 找到 2 筆新聞
[164/487] 處理 6158...
  [OK] 6158: 找到 2 筆新聞
[165/487] 處理 6229...
  [OK] 6229: 找到 3 筆新聞
[166/487] 處理 2739...
  [OK] 2739: 找到 2 筆新聞
[167/487] 處理 5202...
  [OK] 5202: 找到 2 筆新聞
[168/487] 處理 2013...
  [OK] 2013: 找到 3 筆新聞
[169/487] 處理 1414...
  [OK] 1414: 找到 2 筆新聞
[170/487] 處理 2516...
  [OK] 2516: 找到 2 筆新聞
[171/487] 處理 7718...
  [OK] 7718: 找到 1 筆新聞
[172/487] 處理 5903...
  [OK] 5903: 找到 2 筆新聞
[173/487] 處理 6167...
  [OK] 6167: 找到 2 筆新聞
[174/487] 處理 1444...
  [OK] 1444: 找到 2 筆新聞
[175/487] 處理 2704...
  [OK] 2704: 找到 2 筆新聞
[176/487] 處理 6532...
  [-] 6532: 無符合條件的新聞
[177/487] 處理 2461...
  [OK] 2461: 找到 3 筆新聞
[178/487] 處理 3434...
  [OK] 3434: 找到 3 筆新聞
[179/487] 處理 1531...
  [OK] 1531: 找到 2 筆新聞
[180/487] 處理 2743...
  [OK] 2743: 找到 4 筆新聞
[181/487] 處理 4580...
  [OK] 4580: 找到 2 筆新聞
[182/487] 處理 3518...
  [OK] 3518: 找到 3 筆新聞
[183/487] 處理 2505...
  [OK] 2505: 找到 1 筆新聞
[184/487] 處理 3178...
  [OK] 3178: 找到 2 筆新聞
[185/487] 處理 4737...
  [OK] 4737: 找到 3 筆新聞
[186/487] 處理 2611...
  [OK] 2611: 找到 2 筆新聞
[187/487] 處理 6023...
  [OK] 6023: 找到 2 筆新聞
[188/487] 處理 4555...
  [OK] 4555: 找到 1 筆新聞
[189/487] 處理 1464...
  [-] 1464: 無符合條件的新聞
[190/487] 處理 6690...
  [-] 6690: 無符合條件的新聞
[191/487] 處理 5490...
  [-] 5490: 無符合條件的新聞
[192/487] 處理 1232...
  [OK] 1232: 找到 2 筆新聞
[193/487] 處理 6419...
  [OK] 6419: 找到 1 筆新聞
[194/487] 處理 3083...
  [OK] 3083: 找到 1 筆新聞
[195/487] 處理 6796...
  [OK] 6796: 找到 2 筆新聞
[196/487] 處理 2415...
  [-] 2415: 無符合條件的新聞
[197/487] 處理 2063...
  [-] 2063: 無符合條件的新聞
[198/487] 處理 8049...
  [OK] 8049: 找到 2 筆新聞
[199/487] 處理 8279...
  [OK] 8279: 找到 2 筆新聞
[200/487] 處理 1512...
  [OK] 1512: 找到 2 筆新聞
[201/487] 處理 2643...
  [-] 2643: 無符合條件的新聞
[202/487] 處理 6614...
  [OK] 6614: 找到 2 筆新聞
[203/487] 處理 9924...
  [OK] 9924: 找到 2 筆新聞
[204/487] 處理 8047...
  [OK] 8047: 找到 2 筆新聞
[205/487] 處理 3303...
  [OK] 3303: 找到 2 筆新聞
[206/487] 處理 2705...
  [OK] 2705: 找到 2 筆新聞
[207/487] 處理 6523...
  [OK] 6523: 找到 2 筆新聞
[208/487] 處理 1615...
  [-] 1615: 無符合條件的新聞
[209/487] 處理 5410...
  [OK] 5410: 找到 3 筆新聞
[210/487] 處理 4417...
  [OK] 4417: 找到 2 筆新聞
[211/487] 處理 6115...
  [OK] 6115: 找到 2 筆新聞
[212/487] 處理 3611...
  [OK] 3611: 找到 2 筆新聞
[213/487] 處理 6570...
  [OK] 6570: 找到 3 筆新聞
[214/487] 處理 8089...
  [OK] 8089: 找到 2 筆新聞
[215/487] 處理 9930...
  [OK] 9930: 找到 2 筆新聞
[216/487] 處理 5512...
  [OK] 5512: 找到 2 筆新聞
[217/487] 處理 5310...
  [-] 5310: 無符合條件的新聞
[218/487] 處理 1225...
  [OK] 1225: 找到 5 筆新聞
[219/487] 處理 2069...
  [OK] 2069: 找到 3 筆新聞
[220/487] 處理 2514...
  [OK] 2514: 找到 2 筆新聞
[221/487] 處理 8071...
  [OK] 8071: 找到 1 筆新聞
[222/487] 處理 6423...
  [OK] 6423: 找到 4 筆新聞
[223/487] 處理 6967...
  [OK] 6967: 找到 2 筆新聞
[224/487] 處理 6914...
  [OK] 6914: 找到 1 筆新聞
[225/487] 處理 3432...
  [OK] 3432: 找到 2 筆新聞
[226/487] 處理 2020...
  [OK] 2020: 找到 2 筆新聞
[227/487] 處理 2038...
  [OK] 2038: 找到 2 筆新聞
[228/487] 處理 5272...
  [-] 5272: 無符合條件的新聞
[229/487] 處理 1580...
  [OK] 1580: 找到 2 筆新聞
[230/487] 處理 6835...
  [OK] 6835: 找到 2 筆新聞
[231/487] 處理 4951...
  [OK] 4951: 找到 2 筆新聞
[232/487] 處理 6916...
  [OK] 6916: 找到 2 筆新聞
[233/487] 處理 6741...
  [OK] 6741: 找到 3 筆新聞
[234/487] 處理 5438...
  [OK] 5438: 找到 3 筆新聞
[235/487] 處理 9940...
  [OK] 9940: 找到 1 筆新聞
[236/487] 處理 6910...
  [-] 6910: 無符合條件的新聞
[237/487] 處理 1709...
  [OK] 1709: 找到 4 筆新聞
[238/487] 處理 1583...
  [OK] 1583: 找到 2 筆新聞
[239/487] 處理 8040...
  [OK] 8040: 找到 1 筆新聞
[240/487] 處理 3631...
  [OK] 3631: 找到 4 筆新聞
[241/487] 處理 1760...
  [OK] 1760: 找到 2 筆新聞
[242/487] 處理 6220...
  [OK] 6220: 找到 2 筆新聞
[243/487] 處理 2017...
  [OK] 2017: 找到 2 筆新聞
[244/487] 處理 2488...
  [OK] 2488: 找到 2 筆新聞
[245/487] 處理 1432...
  [OK] 1432: 找到 2 筆新聞
[246/487] 處理 1762...
  [OK] 1762: 找到 1 筆新聞
[247/487] 處理 3492...
  [OK] 3492: 找到 2 筆新聞
[248/487] 處理 6130...
  [OK] 6130: 找到 3 筆新聞
[249/487] 處理 7556...
  [OK] 7556: 找到 5 筆新聞
[250/487] 處理 2423...
  [OK] 2423: 找到 2 筆新聞
[251/487] 處理 3528...
  [OK] 3528: 找到 2 筆新聞
[252/487] 處理 3071...
  [OK] 3071: 找到 2 筆新聞
[253/487] 處理 5209...
  [OK] 5209: 找到 3 筆新聞
[254/487] 處理 3057...
  [OK] 3057: 找到 2 筆新聞
[255/487] 處理 1339...
  [OK] 1339: 找到 1 筆新聞
[256/487] 處理 1455...
  [OK] 1455: 找到 2 筆新聞
[257/487] 處理 2534...
  [OK] 2534: 找到 2 筆新聞
[258/487] 處理 9925...
  [OK] 9925: 找到 5 筆新聞
[259/487] 處理 3511...
  [OK] 3511: 找到 1 筆新聞
[260/487] 處理 5511...
  [OK] 5511: 找到 1 筆新聞
[261/487] 處理 2608...
  [OK] 2608: 找到 3 筆新聞
[262/487] 處理 3556...
  [OK] 3556: 找到 1 筆新聞
[263/487] 處理 3684...
  [OK] 3684: 找到 2 筆新聞
[264/487] 處理 3438...
  [OK] 3438: 找到 2 筆新聞
[265/487] 處理 1217...
  [OK] 1217: 找到 3 筆新聞
[266/487] 處理 2762...
  [OK] 2762: 找到 1 筆新聞
[267/487] 處理 5468...
  [OK] 5468: 找到 2 筆新聞
[268/487] 處理 6283...
  [OK] 6283: 找到 2 筆新聞
[269/487] 處理 4771...
  [OK] 4771: 找到 2 筆新聞
[270/487] 處理 6689...
  [OK] 6689: 找到 2 筆新聞
[271/487] 處理 2107...
  [OK] 2107: 找到 2 筆新聞
[272/487] 處理 6863...
  [OK] 6863: 找到 5 筆新聞
[273/487] 處理 8072...
  [-] 8072: 無符合條件的新聞
[274/487] 處理 2102...
  [OK] 2102: 找到 5 筆新聞
[275/487] 處理 5283...
  [OK] 5283: 找到 1 筆新聞
[276/487] 處理 1471...
  [OK] 1471: 找到 2 筆新聞
[277/487] 處理 5201...
  [OK] 5201: 找到 3 筆新聞
[278/487] 處理 5213...
  [OK] 5213: 找到 3 筆新聞
[279/487] 處理 9919...
  [OK] 9919: 找到 3 筆新聞
[280/487] 處理 4556...
  [OK] 4556: 找到 4 筆新聞
[281/487] 處理 2477...
  [OK] 2477: 找到 2 筆新聞
[282/487] 處理 2254...
  [OK] 2254: 找到 1 筆新聞
[283/487] 處理 1806...
  [OK] 1806: 找到 2 筆新聞
[284/487] 處理 3176...
  [OK] 3176: 找到 2 筆新聞
[285/487] 處理 1201...
  [OK] 1201: 找到 4 筆新聞
[286/487] 處理 6129...
  [OK] 6129: 找到 2 筆新聞
[287/487] 處理 3564...
  [-] 3564: 無符合條件的新聞
[288/487] 處理 4952...
  [OK] 4952: 找到 2 筆新聞
[289/487] 處理 1104...
  [OK] 1104: 找到 2 筆新聞
[290/487] 處理 1734...
  [OK] 1734: 找到 2 筆新聞
[291/487] 處理 2025...
  [OK] 2025: 找到 3 筆新聞
[292/487] 處理 5285...
  [-] 5285: 無符合條件的新聞
[293/487] 處理 3272...
  [OK] 3272: 找到 2 筆新聞
[294/487] 處理 6174...
  [OK] 6174: 找到 3 筆新聞
[295/487] 處理 6509...
  [OK] 6509: 找到 2 筆新聞
[296/487] 處理 4560...
  [OK] 4560: 找到 2 筆新聞
[297/487] 處理 3669...
  [-] 3669: 無符合條件的新聞
[298/487] 處理 3594...
  [-] 3594: 無符合條件的新聞
[299/487] 處理 8048...
  [OK] 8048: 找到 5 筆新聞
[300/487] 處理 6243...
  [-] 6243: 無符合條件的新聞
[301/487] 處理 3230...
  [OK] 3230: 找到 2 筆新聞
[302/487] 處理 2601...
  [OK] 2601: 找到 4 筆新聞
[303/487] 處理 6465...
  [OK] 6465: 找到 4 筆新聞
[304/487] 處理 3226...
  [OK] 3226: 找到 2 筆新聞
[305/487] 處理 8933...
  [OK] 8933: 找到 1 筆新聞
[306/487] 處理 2250...
  [OK] 2250: 找到 2 筆新聞
[307/487] 處理 9937...
  [OK] 9937: 找到 2 筆新聞
[308/487] 處理 6658...
  [OK] 6658: 找到 4 筆新聞
[309/487] 處理 3349...
  [OK] 3349: 找到 2 筆新聞
[310/487] 處理 2022...
  [OK] 2022: 找到 1 筆新聞
[311/487] 處理 3555...
  [OK] 3555: 找到 3 筆新聞
[312/487] 處理 1783...
  [OK] 1783: 找到 2 筆新聞
[313/487] 處理 8446...
  [OK] 8446: 找到 3 筆新聞
[314/487] 處理 1732...
  [OK] 1732: 找到 2 筆新聞
[315/487] 處理 3705...
  [OK] 3705: 找到 2 筆新聞
[316/487] 處理 3094...
  [-] 3094: 無符合條件的新聞
[317/487] 處理 3205...
  [OK] 3205: 找到 3 筆新聞
[318/487] 處理 6922...
  [OK] 6922: 找到 1 筆新聞
[319/487] 處理 3052...
  [OK] 3052: 找到 1 筆新聞
[320/487] 處理 9927...
  [-] 9927: 無符合條件的新聞
[321/487] 處理 6142...
  [OK] 6142: 找到 2 筆新聞
[322/487] 處理 5457...
  [OK] 5457: 找到 4 筆新聞
[323/487] 處理 5905...
  [OK] 5905: 找到 1 筆新聞
[324/487] 處理 3306...
  [OK] 3306: 找到 2 筆新聞
[325/487] 處理 4987...
  [OK] 4987: 找到 3 筆新聞
[326/487] 處理 4557...
  [OK] 4557: 找到 4 筆新聞
[327/487] 處理 1591...
  [OK] 1591: 找到 2 筆新聞
[328/487] 處理 5203...
  [OK] 5203: 找到 3 筆新聞
[329/487] 處理 6148...
  [OK] 6148: 找到 2 筆新聞
[330/487] 處理 7642...
  [OK] 7642: 找到 1 筆新聞
[331/487] 處理 2745...
  [OK] 2745: 找到 3 筆新聞
[332/487] 處理 6218...
  [OK] 6218: 找到 2 筆新聞
[333/487] 處理 2613...
  [OK] 2613: 找到 2 筆新聞
[334/487] 處理 2545...
  [OK] 2545: 找到 2 筆新聞
[335/487] 處理 3046...
  [-] 3046: 無符合條件的新聞
[336/487] 處理 4137...
  [OK] 4137: 找到 2 筆新聞
[337/487] 處理 2820...
  [OK] 2820: 找到 3 筆新聞
[338/487] 處理 6224...
  [OK] 6224: 找到 1 筆新聞
[339/487] 處理 6579...
  [-] 6579: 無符合條件的新聞
[340/487] 處理 3623...
  [OK] 3623: 找到 2 筆新聞
[341/487] 處理 2032...
  [OK] 2032: 找到 4 筆新聞
[342/487] 處理 6617...
  [OK] 6617: 找到 5 筆新聞
[343/487] 處理 2748...
  [OK] 2748: 找到 4 筆新聞
[344/487] 處理 6168...
  [OK] 6168: 找到 2 筆新聞
[345/487] 處理 3552...
  [OK] 3552: 找到 5 筆新聞
[346/487] 處理 2546...
  [OK] 2546: 找到 2 筆新聞
[347/487] 處理 6266...
  [OK] 6266: 找到 3 筆新聞
[348/487] 處理 6161...
  [OK] 6161: 找到 1 筆新聞
[349/487] 處理 6901...
  [OK] 6901: 找到 2 筆新聞
[350/487] 處理 8213...
  [OK] 8213: 找到 1 筆新聞
[351/487] 處理 6679...
  [-] 6679: 無符合條件的新聞
[352/487] 處理 3296...
  [OK] 3296: 找到 2 筆新聞
[353/487] 處理 1707...
  [OK] 1707: 找到 4 筆新聞
[354/487] 處理 3297...
  [OK] 3297: 找到 4 筆新聞
[355/487] 處理 8099...
  [OK] 8099: 找到 2 筆新聞
[356/487] 處理 3031...
  [OK] 3031: 找到 2 筆新聞
[357/487] 處理 2755...
  [OK] 2755: 找到 4 筆新聞
[358/487] 處理 8183...
  [OK] 8183: 找到 2 筆新聞
[359/487] 處理 2390...
  [OK] 2390: 找到 3 筆新聞
[360/487] 處理 6492...
  [OK] 6492: 找到 4 筆新聞
[361/487] 處理 1309...
  [OK] 1309: 找到 3 筆新聞
[362/487] 處理 4506...
  [OK] 4506: 找到 3 筆新聞
[363/487] 處理 1533...
  [OK] 1533: 找到 2 筆新聞
[364/487] 處理 2397...
  [-] 2397: 無符合條件的新聞
[365/487] 處理 3625...
  [-] 3625: 無符合條件的新聞
[366/487] 處理 2852...
  [OK] 2852: 找到 3 筆新聞
[367/487] 處理 8050...
  [OK] 8050: 找到 4 筆新聞
[368/487] 處理 9935...
  [OK] 9935: 找到 1 筆新聞
[369/487] 處理 5519...
  [OK] 5519: 找到 2 筆新聞
[370/487] 處理 4572...
  [OK] 4572: 找到 1 筆新聞
[371/487] 處理 2511...
  [OK] 2511: 找到 1 筆新聞
[372/487] 處理 4545...
  [OK] 4545: 找到 1 筆新聞
[373/487] 處理 6931...
  [OK] 6931: 找到 4 筆新聞
[374/487] 處理 2491...
  [OK] 2491: 找到 3 筆新聞
[375/487] 處理 5465...
  [OK] 5465: 找到 3 筆新聞
[376/487] 處理 6668...
  [OK] 6668: 找到 2 筆新聞
[377/487] 處理 6470...
  [OK] 6470: 找到 2 筆新聞
[378/487] 處理 6933...
  [OK] 6933: 找到 3 筆新聞
[379/487] 處理 7728...
  [OK] 7728: 找到 2 筆新聞
[380/487] 處理 2440...
  [OK] 2440: 找到 3 筆新聞
[381/487] 處理 3703...
  [OK] 3703: 找到 1 筆新聞
[382/487] 處理 2468...
  [OK] 2468: 找到 2 筆新聞
[383/487] 處理 2905...
  [-] 2905: 無符合條件的新聞
[384/487] 處理 8147...
  [OK] 8147: 找到 1 筆新聞
[385/487] 處理 9136...
  [OK] 9136: 找到 1 筆新聞
[386/487] 處理 3169...
  [OK] 3169: 找到 2 筆新聞
[387/487] 處理 6219...
  [OK] 6219: 找到 1 筆新聞
[388/487] 處理 6552...
  [-] 6552: 無符合條件的新聞
[389/487] 處理 6216...
  [OK] 6216: 找到 3 筆新聞
[390/487] 處理 3454...
  [-] 3454: 無符合條件的新聞
[391/487] 處理 6538...
  [OK] 6538: 找到 1 筆新聞
[392/487] 處理 9951...
  [OK] 9951: 找到 3 筆新聞
[393/487] 處理 3597...
  [-] 3597: 無符合條件的新聞
[394/487] 處理 3527...
  [OK] 3527: 找到 3 筆新聞
[395/487] 處理 6885...
  [OK] 6885: 找到 4 筆新聞
[396/487] 處理 6237...
  [OK] 6237: 找到 2 筆新聞
[397/487] 處理 6624...
  [OK] 6624: 找到 2 筆新聞
[398/487] 處理 6684...
  [OK] 6684: 找到 1 筆新聞
[399/487] 處理 8924...
  [OK] 8924: 找到 1 筆新聞
[400/487] 處理 4933...
  [OK] 4933: 找到 5 筆新聞
[401/487] 處理 3147...
  [-] 3147: 無符合條件的新聞
[402/487] 處理 3687...
  [OK] 3687: 找到 2 筆新聞
[403/487] 處理 6024...
  [OK] 6024: 找到 4 筆新聞
[404/487] 處理 3360...
  [OK] 3360: 找到 1 筆新聞
[405/487] 處理 6418...
  [-] 6418: 無符合條件的新聞
[406/487] 處理 7765...
  [-] 7765: 無符合條件的新聞
[407/487] 處理 5609...
  [-] 5609: 無符合條件的新聞
[408/487] 處理 8383...
  [OK] 8383: 找到 4 筆新聞
[409/487] 處理 8084...
  [OK] 8084: 找到 3 筆新聞
[410/487] 處理 6431...
  [OK] 6431: 找到 2 筆新聞
[411/487] 處理 3024...
  [OK] 3024: 找到 2 筆新聞
[412/487] 處理 2471...
  [OK] 2471: 找到 2 筆新聞
[413/487] 處理 6165...
  [OK] 6165: 找到 3 筆新聞
[414/487] 處理 6756...
  [OK] 6756: 找到 2 筆新聞
[415/487] 處理 2460...
  [OK] 2460: 找到 3 筆新聞
[416/487] 處理 2066...
  [OK] 2066: 找到 2 筆新聞
[417/487] 處理 5236...
  [OK] 5236: 找到 2 筆新聞
[418/487] 處理 3607...
  [OK] 3607: 找到 2 筆新聞
[419/487] 處理 7738...
  [OK] 7738: 找到 3 筆新聞
[420/487] 處理 3290...
  [OK] 3290: 找到 2 筆新聞
[421/487] 處理 8045...
  [OK] 8045: 找到 1 筆新聞
[422/487] 處理 6164...
  [OK] 6164: 找到 1 筆新聞
[423/487] 處理 4549...
  [OK] 4549: 找到 2 筆新聞
[424/487] 處理 8349...
  [OK] 8349: 找到 2 筆新聞
[425/487] 處理 5356...
  [OK] 5356: 找到 2 筆新聞
[426/487] 處理 3209...
  [OK] 3209: 找到 2 筆新聞
[427/487] 處理 6156...
  [OK] 6156: 找到 1 筆新聞
[428/487] 處理 3615...
  [OK] 3615: 找到 1 筆新聞
[429/487] 處理 5278...
  [OK] 5278: 找到 3 筆新聞
[430/487] 處理 5011...
  [OK] 5011: 找到 1 筆新聞
[431/487] 處理 1537...
  [OK] 1537: 找到 4 筆新聞
[432/487] 處理 3058...
  [OK] 3058: 找到 4 筆新聞
[433/487] 處理 8076...
  [OK] 8076: 找到 2 筆新聞
[434/487] 處理 5471...
  [-] 5471: 無符合條件的新聞
[435/487] 處理 4119...
  [OK] 4119: 找到 2 筆新聞
[436/487] 處理 4564...
  [OK] 4564: 找到 3 筆新聞
[437/487] 處理 8937...
  [OK] 8937: 找到 2 筆新聞
[438/487] 處理 6263...
  [OK] 6263: 找到 2 筆新聞
[439/487] 處理 6641...
  [-] 6641: 無符合條件的新聞
[440/487] 處理 1256...
  [OK] 1256: 找到 3 筆新聞
[441/487] 處理 1541...
  [OK] 1541: 找到 2 筆新聞
[442/487] 處理 3311...
  [OK] 3311: 找到 2 筆新聞
[443/487] 處理 2431...
  [OK] 2431: 找到 2 筆新聞
[444/487] 處理 3484...
  [OK] 3484: 找到 3 筆新聞
[445/487] 處理 3040...
  [OK] 3040: 找到 2 筆新聞
[446/487] 處理 2832...
  [OK] 2832: 找到 2 筆新聞
[447/487] 處理 3308...
  [OK] 3308: 找到 2 筆新聞
[448/487] 處理 4729...
  [OK] 4729: 找到 2 筆新聞
[449/487] 處理 2065...
  [OK] 2065: 找到 3 筆新聞
[450/487] 處理 1565...
  [OK] 1565: 找到 4 筆新聞
[451/487] 處理 5287...
  [OK] 5287: 找到 3 筆新聞
[452/487] 處理 4107...
  [OK] 4107: 找到 3 筆新聞
[453/487] 處理 5493...
  [OK] 5493: 找到 2 筆新聞
[454/487] 處理 3437...
  [OK] 3437: 找到 4 筆新聞
[455/487] 處理 5484...
  [OK] 5484: 找到 3 筆新聞
[456/487] 處理 5299...
  [-] 5299: 無符合條件的新聞
[457/487] 處理 4306...
  [OK] 4306: 找到 3 筆新聞
[458/487] 處理 2707...
  [OK] 2707: 找到 2 筆新聞
[459/487] 處理 6111...
  [OK] 6111: 找到 2 筆新聞
[460/487] 處理 6432...
  [OK] 6432: 找到 3 筆新聞
[461/487] 處理 4934...
  [OK] 4934: 找到 1 筆新聞
[462/487] 處理 1521...
  [OK] 1521: 找到 2 筆新聞
[463/487] 處理 8182...
  [OK] 8182: 找到 2 筆新聞
[464/487] 處理 8440...
  [OK] 8440: 找到 2 筆新聞
[465/487] 處理 4956...
  [OK] 4956: 找到 2 筆新聞
[466/487] 處理 2547...
  [OK] 2547: 找到 5 筆新聞
[467/487] 處理 5403...
  [OK] 5403: 找到 3 筆新聞
[468/487] 處理 3122...
  [OK] 3122: 找到 2 筆新聞
[469/487] 處理 4908...
  [OK] 4908: 找到 2 筆新聞
[470/487] 處理 1218...
  [OK] 1218: 找到 3 筆新聞
[471/487] 處理 1321...
  [OK] 1321: 找到 4 筆新聞
[472/487] 處理 6742...
  [OK] 6742: 找到 2 筆新聞
[473/487] 處理 3550...
  [OK] 3550: 找到 4 筆新聞
[474/487] 處理 2524...
  [OK] 2524: 找到 2 筆新聞
[475/487] 處理 1720...
  [OK] 1720: 找到 5 筆新聞
[476/487] 處理 8404...
  [OK] 8404: 找到 5 筆新聞
[477/487] 處理 4726...
  [OK] 4726: 找到 2 筆新聞
[478/487] 處理 8059...
  [OK] 8059: 找到 2 筆新聞
[479/487] 處理 3002...
  [OK] 3002: 找到 5 筆新聞
[480/487] 處理 2364...
  [OK] 2364: 找到 3 筆新聞
[481/487] 處理 2913...
  [OK] 2913: 找到 4 筆新聞
[482/487] 處理 9902...
  [OK] 9902: 找到 2 筆新聞
[483/487] 處理 9911...
  [OK] 9911: 找到 2 筆新聞
[484/487] 處理 1702...
  [-] 1702: 無符合條件的新聞
[485/487] 處理 6606...
  [-] 6606: 無符合條件的新聞
[486/487] 處理 5515...
  [OK] 5515: 找到 2 筆新聞
[487/487] 處理 3447...
  [OK] 3447: 找到 3 筆新聞

============================================================
[OK] 爬取完成!
============================================================
處理股票: 487 支
抓取新聞: 1031 筆
耗時: 1989.4 秒
============================================================

